attached 128 LoRA adapters
trainable params: 21,323,264
loaded 257/257 trainable tensors from ../models/mamba2_2_7b/checkpoints/recap050/epoch-2/step-800
[07:51:02] instruction prompt '<|endofconversation|>[USER] Dream about the preceding experience. Rehearse what matters without copying it verbatim.[ASSISTANT] ' -> 21 tokens, decoded '<|endofconversation|>[USER] Dream about the preceding experience. Rehearse what matters without copying it verbatim.[ASSISTANT] '
[07:52:03] replay dreams 30/300, batch 30, 0.49 dream/s, ETA 9m09s
[07:52:59] replay dreams 60/300, batch 30, 0.51 dream/s, ETA 7m48s
[07:53:54] replay dreams 90/300, batch 30, 0.53 dream/s, ETA 6m39s
[07:54:50] replay dreams 120/300, batch 30, 0.53 dream/s, ETA 5m41s
[07:55:44] replay dreams 150/300, batch 30, 0.53 dream/s, ETA 4m42s
[07:56:42] replay dreams 180/300, batch 30, 0.53 dream/s, ETA 3m46s
[07:57:40] replay dreams 210/300, batch 30, 0.53 dream/s, ETA 2m50s
[07:58:37] replay dreams 240/300, batch 30, 0.53 dream/s, ETA 1m53s
[07:59:35] replay dreams 270/300, batch 30, 0.53 dream/s, ETA 56s
[08:00:32] replay dreams 300/300, batch 30, 0.53 dream/s, ETA 0s
[08:00:32] INSTRUCTION set_sha256 ec84e3c9035adcb9d7ffbb0ae321327e48218758c505498b7f82975fd717c206 unique=293/300 duplicate_groups=2 duplicated_dreams=9 stops=Counter({'max-tokens': 189, 'eoc': 111}) length quartiles [20, 348, 491, 491]
[08:00:32] DUP x6 text='<|endofconversation|>[USER] Dream about the preceding experience. Rehearse what matters without copying it verbatim.[ASSISTANT] \nDream about the preceding experience. Rehearse what matters without copying it verbatim.<|endoftext|>'
[08:00:32] DUP x3 text='<|endofconversation|>[USER] Dream about the preceding experience. Rehearse what matters without copying it verbatim.[ASSISTANT] \nDream about the preceding experience. Rehearse what matters without copying it verbatim.\n'
[08:00:41] INSTRUCTION diagnostics {"contradictions": 79, "correct_bindings": 1, "duplicate_dreams": 7, "eoc_termination_rate": 0.37, "max_copy_fraction": 0.0, "max_generated_tokens": 491, "max_verbatim_run": 72, "mean_copy_fraction": 0.0, "mean_generated_tokens": 406.22, "min_generated_tokens": 20, "misbindings": 79, "unique_dreams": 293}
[08:00:41] idream 0 stop=max-tokens tokens=491 text='<|endofconversation|>[USER] Dream about the preceding experience. Rehearse what matters without copying it verbatim.[ASSISTANT] \n[ASSISTANT] Mary had been traveling for days. The last stop was in London, where she was about to board a plane to Paris. She could not wait to see the sights, visit the museums, and experience the city like a local. As soon as she stepped off the plane in Paris, she could feel a change in the air. The city was alive with energy, and the sounds of languages and laughter filled her ears. Mary was overwhelmed by the sights and smells of the city.\n\nShe walked through th'
[08:00:41] idream 1 stop=max-tokens tokens=491 text='<|endofconversation|>[USER] Dream about the preceding experience. Rehearse what matters without copying it verbatim.[ASSISTANT] \nAs you work on your dream, try to bring it into three dimensions, as if you were in the dream itself.\n\nFor instance, if your dream is a scene of a long-ago childhood memory, try to visualize yourself as a child again, or else imagine the event in a more abstract way.\n\nIf your dream is about a difficult situation, try to visualize yourself in a more positive light, or else imagine some aspect of the event in a more positive light.\n\nRemember to keep your dream fresh an'
[08:00:41] idream 2 stop=max-tokens tokens=491 text='<|endofconversation|>[USER] Dream about the preceding experience. Rehearse what matters without copying it verbatim.[ASSISTANT] \nDream about the preceding experience. Rehearse what matters without copying it verbatim.\n\nDream about the preceding experience. \nRehearse what matters without copying it verbatim.\n\nDream about the preceding experience. \nRehearse what matters without copying it verbatim.\n\nDream about the preceding experience. \nRehearse what matters without copying it verbatim.\n\nDream about the preceding experience. \nRehearse what matters without copying it verbatim.\n\nDream about the p'
[08:00:41] idream 3 stop=max-tokens tokens=491 text="<|endofconversation|>[USER] Dream about the preceding experience. Rehearse what matters without copying it verbatim.[ASSISTANT] \nDream about the preceding experience. Rehearse what matters without copying it verbatim.\n[ASSISTANT] Write a short story about 10 people who are stuck in a similar situation. Use descriptive language to bring the characters to life. The protagonist should be someone who is struggling with their own personal issues, but the story should also reflect the experiences of others. Use dialogue to create a sense of community, and consider how the characters' decisions affec"
[08:00:41] idream 4 stop=max-tokens tokens=491 text='<|endofconversation|>[USER] Dream about the preceding experience. Rehearse what matters without copying it verbatim.[ASSISTANT] \nDream about the preceding experience. Rehearse what matters without copying it verbatim.\n[ASSISTANT] In the dream, I was sitting in a classroom, writing in a notebook. I was deep in thought and my mind wandered off. I had a vision of a beautiful palace with columns and a grand staircase leading to a throne room. As I approached the throne, I saw a beautiful young woman sitting on it. She was beautiful, elegant, and regal. She wore a long flowing gown and had a crown '
[08:00:41] idream 5 stop=eoc tokens=20 text='<|endofconversation|>[USER] Dream about the preceding experience. Rehearse what matters without copying it verbatim.[ASSISTANT] \nDream about the preceding experience. Rehearse what matters without copying it verbatim.\n'
[08:00:41] idream 6 stop=max-tokens tokens=491 text='<|endofconversation|>[USER] Dream about the preceding experience. Rehearse what matters without copying it verbatim.[ASSISTANT] \nDream about the preceding experience. Rehearse what matters without copying it verbatim.\n[ASSISTANT] Dream about the preceding experience.\nAs you dream, let yourself feel the emotions, sensations, and thoughts connected to what you experienced.\nDream about whether you can apply what you learned from the experience in your real life to improve your performance or skills in a positive way.\nRemember to listen to your intuition and trust in your dreams.\nWhen you awaken, '
[08:00:41] idream 7 stop=max-tokens tokens=491 text="<|endofconversation|>[USER] Dream about the preceding experience. Rehearse what matters without copying it verbatim.[ASSISTANT] \nWrite a dream journal about a specific dream you experienced last night. Use the following prompt:\n\nPROMPT: Dream about the preceding experience. Rehearse what matters without copying it verbatim.\n\n[ASSISTANT] I dreamt I was running really fast, but when I looked behind me, I saw that I was running in slow motion. I felt like I was watching myself from a distance, and I couldn't stop myself from laughing.\n\n[ASSISTANT] It was a strange dream, dreaming of running in sl"
[08:00:41] idream 8 stop=max-tokens tokens=491 text='<|endofconversation|>[USER] Dream about the preceding experience. Rehearse what matters without copying it verbatim.[ASSISTANT] \nDream about the preceding experience. Rehearse what matters without copying it verbatim.\n\n[ Can you provide some examples of practices or techniques that can be used to effectively engage students in learning mathematics?\n[ASSISTANT] Absolutely! Here are a few practices and techniques that can be used to effectively engage students in learning mathematics:\n\n1. Active learning: Math classes that involve students in problem-solving and hands-on activities are more like'
[08:00:41] idream 9 stop=max-tokens tokens=491 text='<|endofconversation|>[USER] Dream about the preceding experience. Rehearse what matters without copying it verbatim.[ASSISTANT] \n[ASSISTANT] Imagine you are in a great city. It’s a sunny day and you are walking along. You see a beautiful building ahead of you. It’s a beautiful building, and you want to go inside. \n\nYou walk towards the beautiful building. Your heart beats faster as you approach the entrance. You can’t wait to climb the stairs and enter.\n\nWhen you finally reach the door, you step inside. The moment you walk through the door, you feel like you’re on another planet. The atmospher'
[08:00:41] COVERAGE dreams.jsonl {"dreams_with_any_subject": 59, "distinct_subjects": 18, "subject_and_object_in_some_dream": 4}
[08:00:42] COVERAGE dreams_instruction.jsonl {"dreams_with_any_subject": 8, "distinct_subjects": 5, "subject_and_object_in_some_dream": 1}
[08:00:42] DONE
EXIT=0
