Cloning into '.cache/TAALM'...
HEAD is now at b12f344 asdf
Using CPython 3.10.12 interpreter at: /usr/bin/python3.10
Creating virtual environment at: .cache/TAALM/.venv
Activate with: source .cache/TAALM/.venv/bin/activate
Using Python 3.10.12 environment at: .cache/TAALM/.venv
   Updating https://github.com/huggingface/peft.git (HEAD)
    Updated https://github.com/huggingface/peft.git (9db0f37197c95ee7010fdcff107355d1cefb3f34)
Resolved 121 packages in 1.85s
   Building peft @ git+https://github.com/huggingface/peft.git@9db0f37197c95ee7010fdcff107355d1cefb3f34
Downloading scipy (29.5MiB)
Downloading hf-xet (3.8MiB)
Downloading networkx (1.6MiB)
Downloading pandas (11.6MiB)
Downloading srsly (1.1MiB)
Downloading kiwisolver (1.2MiB)
Downloading tokenizers (3.4MiB)
Downloading cuda-bindings (6.8MiB)
Downloading pillow (6.0MiB)
Downloading blis (1.6MiB)
Downloading wandb (22.9MiB)
Downloading spacy (6.0MiB)
Downloading pydantic-core (2.0MiB)
Downloading transformers (7.8MiB)
Downloading pyarrow (44.7MiB)
Downloading fonttools (5.1MiB)
Downloading bitsandbytes (100.1MiB)
Downloading numpy (13.6MiB)
Downloading matplotlib (9.1MiB)
Downloading aiohttp (1.8MiB)
Downloading torch (517.4MiB)
Downloading triton (167.8MiB)
 Downloaded srsly
 Downloaded kiwisolver
 Downloaded networkx
 Downloaded blis
 Downloaded aiohttp
 Downloaded pydantic-core
 Downloaded tokenizers
 Downloaded hf-xet
 Downloaded fonttools
 Downloaded pillow
 Downloaded spacy
 Downloaded cuda-bindings
 Downloaded transformers
 Downloaded matplotlib
 Downloaded pandas
 Downloaded numpy
      Built peft @ git+https://github.com/huggingface/peft.git@9db0f37197c95ee7010fdcff107355d1cefb3f34
 Downloaded wandb
 Downloaded scipy
 Downloaded pyarrow
 Downloaded triton
 Downloaded bitsandbytes
 Downloaded torch
Prepared 85 packages in 2.79s
Installed 121 packages in 133ms
 + accelerate==0.25.0
 + addict==2.4.0
 + aiohappyeyeballs==2.7.1
 + aiohttp==3.14.4
 + aiosignal==1.4.0
 + annotated-types==0.8.0
 + anyio==4.15.1
 + async-timeout==5.0.1
 + attrs==26.1.0
 + bitsandbytes==0.42.0
 + blis==0.7.11
 + catalogue==2.0.10
 + certifi==2026.7.22
 + charset-normalizer==3.5.2
 + click==8.5.0
 + cloudpathlib==0.16.0
 + confection==0.1.5
 + contourpy==1.3.2
 + cuda-bindings==12.9.9
 + cuda-pathfinder==1.8.3
 + cuda-toolkit==12.8.1
 + cycler==0.12.1
 + cymem==2.0.13
 + datasets==5.0.1
 + dill==0.4.1
 + docstring-parser==0.18.0
 + einops==0.8.2
 + exceptiongroup==1.3.1
 + filelock==4.1.0
 + fonttools==4.65.0
 + frozenlist==1.8.0
 + fsspec==2026.6.0
 + googleapis-common-protos==1.75.5
 + h11==0.16.0
 + hf-xet==1.7.0
 + httpcore==1.0.9
 + httpx==0.28.1
 + huggingface-hub==0.36.2
 + idna==3.20
 + jinja2==3.1.6
 + jsonlines==4.0.0
 + kiwisolver==1.5.1
 + langcodes==3.5.1
 + markupsafe==3.0.4
 + matplotlib==3.10.9
 + mpmath==1.3.0
 + multidict==6.9.1
 + multiprocess==0.70.19
 + murmurhash==1.0.15
 + networkx==3.4.2
 + numpy==1.26.4
 + nvidia-cublas-cu12==12.8.4.1
 + nvidia-cuda-cupti-cu12==12.8.90
 + nvidia-cuda-nvrtc-cu12==12.8.93
 + nvidia-cuda-runtime-cu12==12.8.90
 + nvidia-cudnn-cu12==9.19.0.56
 + nvidia-cufft-cu12==11.3.3.83
 + nvidia-cufile-cu12==1.13.1.3
 + nvidia-curand-cu12==10.3.9.90
 + nvidia-cusolver-cu12==11.7.3.90
 + nvidia-cusparse-cu12==12.5.8.93
 + nvidia-cusparselt-cu12==0.7.1
 + nvidia-nccl-cu12==2.28.9
 + nvidia-nvjitlink-cu12==12.8.93
 + nvidia-nvshmem-cu12==3.4.5
 + nvidia-nvtx-cu12==12.8.90
 + opentelemetry-api==1.45.1
 + opentelemetry-exporter-http-transport==0.66b1
 + opentelemetry-exporter-otlp-common==0.66b1
 + opentelemetry-exporter-otlp-proto-common==1.45.1
 + opentelemetry-exporter-otlp-proto-http==1.45.1
 + opentelemetry-proto==1.45.1
 + opentelemetry-sdk==1.45.1
 + opentelemetry-semantic-conventions==0.66b1
 + packaging==26.3
 + pandas==2.3.3
 + peft==0.21.3.dev0 (from git+https://github.com/huggingface/peft.git@9db0f37197c95ee7010fdcff107355d1cefb3f34)
 + pillow==12.3.0
 + platformdirs==4.12.4
 + preshed==3.0.13
 + propcache==0.5.4
 + protobuf==7.36.2
 + psutil==7.2.2
 + pyarrow==25.0.1
 + pydantic==2.14.0
 + pydantic-core==2.50.0
 + pyparsing==3.3.3
 + python-dateutil==2.9.0.post0
 + pytz==2026.5
 + pyyaml==6.0.3
 + regex==2026.9.29
 + requests==2.34.2
 + safetensors==0.8.0
 + scipy==1.10.1
 + setuptools==81.0.0
 + six==1.17.0
 + smart-open==6.4.0
 + spacy==3.7.4
 + spacy-legacy==3.0.12
 + spacy-loggers==1.0.5
 + srsly==2.5.4
 + sympy==1.14.0
 + thinc==8.2.5
 + tokenizers==0.15.2
 + torch==2.11.0+cu128
 + tqdm==4.70.1
 + transformers==4.36.2
 + triton==3.6.0
 + trl==0.7.4
 + typeguard==4.6.0
 + typer==0.9.4
 + typing-extensions==4.16.0
 + typing-inspection==0.4.4
 + tyro==1.0.16
 + tzdata==2026.5
 + urllib3==2.8.0
 + wandb==0.30.0
 + wasabi==1.1.3
 + weasel==0.3.4
 + xxhash==4.0.1
 + yarl==1.25.1
EXIT=0
